// Jest Snapshot v1, https://goo.gl/fbAQLP

exports[`getTemplate() getTemplate()のスナップショット 1`] = `
"
    <div class=\\"mouse-stalker-root\\">
      <div class=\\"mouse-stalker-pointer\\"></div>
      <div class=\\"mouse-stalker-icon-target\\"></div>
    </div>
    <style>
      :host {}
      [data-st-target]:hover {
        cursor: none;
      }
      .mouse-stalker-root {
        --st-transition-timing-function: cubic-bezier(.2,.8,.4,.9);

        pointer-events: none;
        position: fixed;
        will-change: transform;
        z-index: 9999;
        top: 0;
        left: 0;
        transform: translate(0,0);
        transition: transform 0.3s;
        transition-timing-function: var(--st-transition-timing-function);
        mix-blend-mode: difference;
        filter: invert(100%);
      }
      .mouse-stalker-pointer {
        position: absolute;
        top: 0;
        left: 0;
        z-index: 9999;
        border-radius: 50%;
        background-color: rgba(0,0,0,1);
        width: 24px;
        height: 24px;
        margin-top: -12px;
        margin-left: -12px;
        transform: rotate(0deg) scale(1, 1);
        transition: transform 0s;
        transition: background 0.6s;
        transition-timing-function: var(--st-transition-timing-function);
      }
      .mouse-stalker-root::before {
        content: \\"\\";
        position: absolute;
        top: 50%;
        left: 50%;
        width: 48px;
        height: 48px;
        margin-top: -24px;
        margin-left: -24px;
        border-radius: 50%;
        border-width: 1px;
        border-style: solid;
        border-color: rgba(0,0,0,1);
        transition: transform 0.9s;
        transition-timing-function: var(--st-transition-timing-function);
        transform: scale(0);
        transform-origin: center center;
      }
      .mouse-stalker-icon-target {
        color: #ffffff;
        font-size: 24px;
        position: absolute;
        top: 0;
        left: 0;
        width: 24px;
        height: 24px;
        margin-top: -12px;
        margin-left: -12px;
        line-height: 1;
        transition: transform 0.9s;
        transition-timing-function: var(--st-transition-timing-function);
        transform: scale(0.8);
        animation-duration: 0.6s;
        opacity: 0;
        transform: translate(0, 0);
        display: flex;
        justify-content: center;
        align-items: center;
      }
      .mouse-stalker-icon-target svg {
        position: absolute;
      }

      .mouse-stalker-root.has-icon {
        mix-blend-mode: normal;
        filter: invert(0);
      }
      .mouse-stalker-root.has-icon::before {
        background-color: rgba(0,0,0,1);
      }

      @media (hover: hover) {
        .is-hover .mouse-stalker-pointer{
          transition: background 0.3s;
          background-color: transparent;
        }
        .mouse-stalker-root.is-hover::before {
          transition: transform 0.3s;
          transform: scale(1);
        }
        .mouse-stalker-root.is-hover .mouse-stalker-icon-target {
          transform: scale(1);
          opacity: 1;
          animation: show 0.3s var(--st-transition-timing-function);
        }
        .mouse-stalker-root[data-st-icon-animation-name-target=\\"toTop\\"].is-hover .mouse-stalker-icon-target {
          animation: toTop 0.3s var(--st-transition-timing-function);
        }
        .mouse-stalker-root[data-st-icon-animation-name-target=\\"toBottom\\"].is-hover .mouse-stalker-icon-target {
          animation: toBottom 0.3s var(--st-transition-timing-function);
        }
        .mouse-stalker-root[data-st-icon-animation-name-target=\\"toRight\\"].is-hover .mouse-stalker-icon-target {
          animation: toRight 0.3s var(--st-transition-timing-function);
        }
        .mouse-stalker-root[data-st-icon-animation-name-target=\\"toLeft\\"].is-hover .mouse-stalker-icon-target {
          animation: toLeft 0.3s var(--st-transition-timing-function);
        }
      }
      
      @keyframes show {
        0% {
          opacity: 0;
          transform: scale(2);
        }
        100% {
          opacity: 1;
          transform: scale(1);
        }
      }
      @keyframes toBottom {
        0% {
          opacity: 0;
          transform: translate(0, -100%);
        }
        100% {
          opacity: 1;
          transform: translate(0, 0);
        }
      }
      @keyframes toTop {
        0% {
          opacity: 0;
          transform: translate(0, 100%);
        }
        100% {
          opacity: 1;
          transform: translate(0, 0);
        }
      }
      @keyframes toRight {
        0% {
          opacity: 0;
          transform: translate(-100%, 0);
        }
        100% {
          opacity: 1;
          transform: translate(0, 0);
        }
      }
      @keyframes toLeft {
        0% {
          opacity: 0;
          transform: translate(100%, 0);
        }
        100% {
          opacity: 1;
          transform: translate(0, 0);
        }
      }
    </style>
  "
`;

exports[`getTemplate() toMatchSnapshot 1`] = `
"
    <div class=\\"mouse-stalker-root\\">
      <div class=\\"mouse-stalker-pointer\\"></div>
      <div class=\\"mouse-stalker-icon-target\\"></div>
    </div>
    <style>
      :host {}
      [data-st-target]:hover {
        cursor: none;
      }
      .mouse-stalker-root {
        --st-transition-timing-function: cubic-bezier(.2,.8,.4,.9);

        pointer-events: none;
        position: fixed;
        will-change: transform;
        z-index: 9999;
        top: 0;
        left: 0;
        transform: translate(0,0);
        transition: transform 0.3s;
        transition-timing-function: var(--st-transition-timing-function);
        mix-blend-mode: difference;
        filter: invert(100%);
      }
      .mouse-stalker-pointer {
        position: absolute;
        top: 0;
        left: 0;
        z-index: 9999;
        border-radius: 50%;
        background-color: rgba(0,0,0,1);
        width: 24px;
        height: 24px;
        margin-top: -12px;
        margin-left: -12px;
        transform: rotate(0deg) scale(1, 1);
        transition: transform 0s;
        transition: background 0.6s;
        transition-timing-function: var(--st-transition-timing-function);
      }
      .mouse-stalker-root::before {
        content: \\"\\";
        position: absolute;
        top: 50%;
        left: 50%;
        width: 48px;
        height: 48px;
        margin-top: -24px;
        margin-left: -24px;
        border-radius: 50%;
        border-width: 1px;
        border-style: solid;
        border-color: rgba(0,0,0,1);
        transition: transform 0.9s;
        transition-timing-function: var(--st-transition-timing-function);
        transform: scale(0);
        transform-origin: center center;
      }
      .mouse-stalker-icon-target {
        color: #ffffff;
        font-size: 24px;
        position: absolute;
        top: 0;
        left: 0;
        width: 24px;
        height: 24px;
        margin-top: -12px;
        margin-left: -12px;
        line-height: 1;
        transition: transform 0.9s;
        transition-timing-function: var(--st-transition-timing-function);
        transform: scale(0.8);
        animation-duration: 0.6s;
        opacity: 0;
        transform: translate(0, 0);
        display: flex;
        justify-content: center;
        align-items: center;
      }
      .mouse-stalker-icon-target svg {
        position: absolute;
      }

      .mouse-stalker-root.has-icon {
        mix-blend-mode: normal;
        filter: invert(0);
      }
      .mouse-stalker-root.has-icon::before {
        background-color: rgba(0,0,0,1);
      }

      @media (hover: hover) {
        .is-hover .mouse-stalker-pointer{
          transition: background 0.3s;
          background-color: transparent;
        }
        .mouse-stalker-root.is-hover::before {
          transition: transform 0.3s;
          transform: scale(1);
        }
        .mouse-stalker-root.is-hover .mouse-stalker-icon-target {
          transform: scale(1);
          opacity: 1;
          animation: show 0.3s var(--st-transition-timing-function);
        }
        .mouse-stalker-root[data-st-icon-animation-name-target=\\"toTop\\"].is-hover .mouse-stalker-icon-target {
          animation: toTop 0.3s var(--st-transition-timing-function);
        }
        .mouse-stalker-root[data-st-icon-animation-name-target=\\"toBottom\\"].is-hover .mouse-stalker-icon-target {
          animation: toBottom 0.3s var(--st-transition-timing-function);
        }
        .mouse-stalker-root[data-st-icon-animation-name-target=\\"toRight\\"].is-hover .mouse-stalker-icon-target {
          animation: toRight 0.3s var(--st-transition-timing-function);
        }
        .mouse-stalker-root[data-st-icon-animation-name-target=\\"toLeft\\"].is-hover .mouse-stalker-icon-target {
          animation: toLeft 0.3s var(--st-transition-timing-function);
        }
      }
      
      @keyframes show {
        0% {
          opacity: 0;
          transform: scale(2);
        }
        100% {
          opacity: 1;
          transform: scale(1);
        }
      }
      @keyframes toBottom {
        0% {
          opacity: 0;
          transform: translate(0, -100%);
        }
        100% {
          opacity: 1;
          transform: translate(0, 0);
        }
      }
      @keyframes toTop {
        0% {
          opacity: 0;
          transform: translate(0, 100%);
        }
        100% {
          opacity: 1;
          transform: translate(0, 0);
        }
      }
      @keyframes toRight {
        0% {
          opacity: 0;
          transform: translate(-100%, 0);
        }
        100% {
          opacity: 1;
          transform: translate(0, 0);
        }
      }
      @keyframes toLeft {
        0% {
          opacity: 0;
          transform: translate(100%, 0);
        }
        100% {
          opacity: 1;
          transform: translate(0, 0);
        }
      }
    </style>
  "
`;
